Traceback (most recent call last):
  File "D:\aicoding\IIA_benchmark\tmp\python\cpython-3.10-windows-x86_64-none\lib\runpy.py", line 196, in _run_module_as_main
    return _run_code(code, main_globals, None,
  File "D:\aicoding\IIA_benchmark\tmp\python\cpython-3.10-windows-x86_64-none\lib\runpy.py", line 86, in _run_code
    exec(code, run_globals)
  File "D:\aicoding\IIA_benchmark\scripts\flow_matching\giflow_cuda_memory_probe.py", line 141, in <module>
    main()
  File "D:\aicoding\IIA_benchmark\scripts\flow_matching\giflow_cuda_memory_probe.py", line 102, in main
    bound, changes = bound_main()
  File "D:\aicoding\IIA_benchmark\scripts\flow_matching\giflow_cuda_memory_probe.py", line 54, in bound_main
    function = CUDAProfile().visit(function)
  File "D:\aicoding\IIA_benchmark\tmp\python\cpython-3.10-windows-x86_64-none\lib\ast.py", line 418, in visit
    return visitor(node)
  File "D:\aicoding\IIA_benchmark\tmp\python\cpython-3.10-windows-x86_64-none\lib\ast.py", line 494, in generic_visit
    value = self.visit(value)
  File "D:\aicoding\IIA_benchmark\tmp\python\cpython-3.10-windows-x86_64-none\lib\ast.py", line 418, in visit
    return visitor(node)
  File "D:\aicoding\IIA_benchmark\tmp\python\cpython-3.10-windows-x86_64-none\lib\ast.py", line 494, in generic_visit
    value = self.visit(value)
  File "D:\aicoding\IIA_benchmark\tmp\python\cpython-3.10-windows-x86_64-none\lib\ast.py", line 418, in visit
    return visitor(node)
  File "D:\aicoding\IIA_benchmark\scripts\flow_matching\giflow_cuda_memory_probe.py", line 32, in visit_Assign
    raise ValueError('Original CUDA override changed')
ValueError: Original CUDA override changed
