Data shape: (18750, 10, 60)
Labels shape: (18750,)

Starting training, calibration, and testing
Completed run 1 of 5 for clf WDI_1NN
Completed run 1 of 5 for clf MBW_LR
Completed run 1 of 5 for clf EAC_1NN
Completed run 1 of 5 for clf ACM_SVM
Completed run 1 of 5 for clf CASIM

Completed run 2 of 5 for clf WDI_1NN
Completed run 2 of 5 for clf MBW_LR
Completed run 2 of 5 for clf EAC_1NN
Completed run 2 of 5 for clf ACM_SVM
Completed run 2 of 5 for clf CASIM

Completed run 3 of 5 for clf WDI_1NN
Completed run 3 of 5 for clf MBW_LR
Completed run 3 of 5 for clf EAC_1NN
Completed run 3 of 5 for clf ACM_SVM
Completed run 3 of 5 for clf CASIM

Completed run 4 of 5 for clf WDI_1NN
Completed run 4 of 5 for clf MBW_LR
Completed run 4 of 5 for clf EAC_1NN
Completed run 4 of 5 for clf ACM_SVM
Completed run 4 of 5 for clf CASIM

Completed run 5 of 5 for clf WDI_1NN
Completed run 5 of 5 for clf MBW_LR
Completed run 5 of 5 for clf EAC_1NN
Completed run 5 of 5 for clf ACM_SVM
Completed run 5 of 5 for clf CASIM

Saved WDI_1NN coverages
Saved MBW_LR coverages
Saved EAC_1NN coverages
Saved ACM_SVM coverages
Saved CASIM coverages
Saved WDI_1NN avg_set_sizes
Saved MBW_LR avg_set_sizes
Saved EAC_1NN avg_set_sizes
Saved ACM_SVM avg_set_sizes
Saved CASIM avg_set_sizes
